<?xml version="1.0" encoding="UTF-8"?>
<TestRun id="bb689f8c-4cbc-42b9-9412-c0eb153e1368" name="kiruba@KIRUBA3 2018-07-11 18:02:09" runUser="ASIAPACIFIC\kiruba" xmlns="http://microsoft.com/schemas/VisualStudio/TeamTest/2010">
  <TestSettings name="Local" id="8b6b8f8d-026f-4268-a91b-fe00e28b87f7">
    <Description>These are default test settings for a local test run.</Description>
    <Deployment enabled="false" runDeploymentRoot="kiruba_KIRUBA3 2018-07-11 18_02_09">
      <DeploymentItem filename="C:\Users\kiruba\Desktop\DevOps\Test_Applications\DemoApplication\DemoApplication\bin\DemoApplication.dll" />
    </Deployment>
    <Execution>
      <TestTypeSpecific />
      <AgentRule name="Execution Agents">
      </AgentRule>
    </Execution>
  </TestSettings>
  <Times creation="2018-07-11T18:02:09.5936652+05:30" queuing="2018-07-11T18:02:09.7661997+05:30" start="2018-07-11T18:02:09.7812027+05:30" finish="2018-07-11T18:02:10.5243513+05:30" />
  <ResultSummary outcome="Failed">
    <Counters total="1" executed="1" error="0" failed="1" timeout="0" aborted="0" inconclusive="0" passedButRunAborted="0" notRunnable="0" notExecuted="0" disconnected="0" warning="0" passed="0" completed="0" inProgress="0" pending="0" />
  </ResultSummary>
  <TestDefinitions>
    <UnitTest name="TestMethod1" storage="c:\users\kiruba\desktop\devops\test_applications\demoapplication\demotest\bin\debug\demotest.dll" id="bcb491e8-00c1-9649-f151-affb4c0801f0">
      <Execution id="34e0984b-a546-42e3-8225-68c11381f6d1" />
      <TestMethod codeBase="C:/Users/kiruba/Desktop/DevOps/Test_Applications/DemoApplication/DemoTest/bin/Debug/DemoTest.DLL" adapterTypeName="Microsoft.VisualStudio.TestTools.TestTypes.Unit.UnitTestAdapter, Microsoft.VisualStudio.QualityTools.Tips.UnitTest.Adapter, Version=10.0.0.0, Culture=neutral, PublicKeyToken=b03f5f7f11d50a3a" className="DemoTest.UnitTest1, DemoTest, Version=1.0.0.0, Culture=neutral, PublicKeyToken=null" name="TestMethod1" />
    </UnitTest>
  </TestDefinitions>
  <TestLists>
    <TestList name="Results Not in a List" id="8c84fa94-04c1-424b-9868-57a2d4851a1d" />
    <TestList name="All Loaded Results" id="19431567-8539-422a-85d7-44ee4e166bda" />
  </TestLists>
  <TestEntries>
    <TestEntry testId="bcb491e8-00c1-9649-f151-affb4c0801f0" executionId="34e0984b-a546-42e3-8225-68c11381f6d1" testListId="8c84fa94-04c1-424b-9868-57a2d4851a1d" />
  </TestEntries>
  <Results>
    <UnitTestResult executionId="34e0984b-a546-42e3-8225-68c11381f6d1" testId="bcb491e8-00c1-9649-f151-affb4c0801f0" testName="TestMethod1" computerName="KIRUBA3" duration="00:00:00.1551259" startTime="2018-07-11T18:02:09.7872039+05:30" endTime="2018-07-11T18:02:10.5003465+05:30" testType="13cdc9d9-ddb5-4fa4-a97d-d965ccfc6d4b" outcome="Failed" testListId="8c84fa94-04c1-424b-9868-57a2d4851a1d" relativeResultsDirectory="34e0984b-a546-42e3-8225-68c11381f6d1">
      <Output>
        <ErrorInfo>
          <Message>Assert.AreEqual failed. Expected:&lt;Guru99 - ASP.Net&gt;. Actual:&lt;Guru99 - ASP.Net1&gt;. </Message>
          <StackTrace>   at DemoTest.UnitTest1.TestMethod1() in C:\Users\kiruba\Desktop\DevOps\Test_Applications\DemoApplication\DemoTest\UnitTest1.cs:line 70
</StackTrace>
        </ErrorInfo>
      </Output>
    </UnitTestResult>
  </Results>
</TestRun>